                                                                                                                                                                                                                                                                                                                                                                                                                                                                                                                                                                                                                                                                                                                                                                                                                                                                                                                                                                                                                                                                                                                                                                                                                                                                                                                                                                                                                                                                                                                                                                                                                                                                                                                                                                                                                                                                                                                                                                                                                                                                                                                                                                                                                                                                                                                                                                                                                                                                                                                                                                                                                                                                                                                                                                                                                                                                                                                                                                                                                                                                                                                                                                                                                                                                                                                                                                                                                                                                                                                                                                                                                                                                                                                                                                                                                                                                                                                                                                                                                                                                                                                                                                                                                                                                                                                                                                                                                                                                                                                                                                                                                                                                                                                                                                                                                                                                                                                                                                                                                                                                                                                                                                                                                                                                                                                                                                                                                                                                                                                                                                                                                                                                                                                                                                                                                                                                                                                                                                                                                                                                                                                                                                                                                                                                                                                                                                                                                                                                                                                                                                                                                                                                                                                                                                                                                                                                                                                                                                                                                                                                                                                                                                                                                                                                                                                                                                                                                                                                                                                                                                                                                                                                                                                                                                                                                                                                                                                                                                                                                                                                                                                                                                                                                                                                                                                                                                                                                                                                                                                                                                                                                                                                                                                                                                                                                                                                                                                                                                                                                                                                                                                                                                                                                                                                                                                                                                                                                                                                                                                                                                                                                                                                                                                                                                                                                                                                                                                                                                                                                                                                                                                                                                                                                                                                                                                                                                                                                                                                                                                                                                                                                                                                                                                                                                                                                                                                                                                                                                                                                                                                                                                                                                                                                                                                                                                                                                                                                                                                                                                                                                                                                                                                                                                                                                                                                                                                                                                                                                                                                                                                                                                                                                                                                                                                                                                                                                                                                                                                                                                                                                                                                                                                                                                                                                                                                                                                                                                                                                                                                                                                                                                                                                                                                                                                                                                                                                                                                                                                                                                                                                                                                                                                                                                                                                                                                                                                                                                                                                                                                                                                                                                                                                                                                                                                                                                                                                                                                                                                                                                                                                                                                                                                                                                                                                                                                                                                                                                                                                                                                                                                                                                                                                                                                                                                                                                                                                                                                                                                                                                                                                                                                                                                                                                                                                                                                                                                                                                                                                                                                                                                                                                                                                                                                                                                                                                                                                                                                                                                                                                                                                                                                                                                                                                                                                                                                                                                                                                                                                                                                                                                                                                                                                                                                                                                                                                                                                                                                                                                                                                                                                                                                                                                                                                                                                                                                                                                                                                                                                                                                                                                                                                                                                                                                                                                                                                                                                                                                                                                                                                                                                                                                                                                                                                                                                                                                                                                                                                                                                                                                                                                                                                                                                                                                                                                                                                                                                                                                                                                                                                                                                                                                                                                                                                                                                                                                                                                                                                                                                                                                                                                                                                                                                                                                                                                                                                                                                                                                                                                                                                                                                                                                                                                                                                                                           
  [30;43;1m WARN [39;49;22m[39m Unittests\Application\Audit\AuditImmutabilityTest[39m
  [33;1m![39;22m[90m [39m[90mit persists a new AuditEvent via save() on a fresh (non-existing)[39m[90m… [39m [90m29.68s[39m  
  [33;1m![39;22m[90m [39m[90mit sets created_at automatically when not provided[39m[90m [39m[33m→ file_get_conte[39m[90m…[39m [90m0.04s[39m  
  [33;1m![39;22m[90m [39m[90mit throws LogicException when save() is called on an already-persis[39m[90m…[39m [90m0.04s[39m  
  [33;1m![39;22m[90m [39m[90mit does not modify the record even when LogicException is thrown on[39m[90m…[39m [90m0.03s[39m  
  [33;1m![39;22m[90m [39m[90mit throws LogicException when delete() is called on an AuditEvent[39m[90m [39m[33m→[39m[90m…[39m [90m0.05s[39m  
  [33;1m![39;22m[90m [39m[90mit does not remove the record from the database when delete() throw[39m[90m…[39m [90m0.03s[39m  
  [33;1m![39;22m[90m [39m[90mit throws LogicException when forceDelete() is called on an AuditEv[39m[90m…[39m [90m0.03s[39m  
  [33;1m![39;22m[90m [39m[90mit has UPDATED_AT=null — no updated_at tracking on the model[39m[90m [39m[33m→ file[39m[90m…[39m [90m0.03s[39m  
  [33;1m![39;22m[90m [39m[90mit does not have an updated_at column in the database schema[39m[90m [39m[33m→ file[39m[90m…[39m [90m0.06s[39m  
  [33;1m![39;22m[90m [39m[90mit does not create a duplicate record when the same correlation_id[39m[90m… [39m [90m0.05s[39m  
  [33;1m![39;22m[90m [39m[90mit returns the existing record when correlation_id is replayed[39m[90m [39m[33m→ fi[39m[90m…[39m [90m0.05s[39m  
  [33;1m![39;22m[90m [39m[90mit rejects raw query-builder UPDATE on audit_events at the database[39m[90m…[39m [90m0.04s[39m  
  [33;1m![39;22m[90m [39m[90mit rejects raw query-builder DELETE on audit_events at the database[39m[90m…[39m [90m0.05s[39m  
  [33;1m![39;22m[90m [39m[90mit creates a new record for a different correlation_id[39m[90m [39m[33m→ file_get_c[39m[90m…[39m [90m0.06s[39m  

  [30;43;1m WARN [39;49;22m[39m Unittests\Application\Auth\AuthenticationServiceTest[39m
  [33;1m![39;22m[90m [39m[37mAuthenticationService[39m[90m → it returns a token and user on valid creden[39m[90m…[39m [90m0.07s[39m  
  [33;1m![39;22m[90m [39m[37mAuthenticationService[39m[90m → it throws AuthenticationException when user[39m[90m…[39m [90m0.06s[39m  
  [33;1m![39;22m[90m [39m[37mAuthenticationService[39m[90m → it throws AuthenticationException when the[39m[90m… [39m [90m0.06s[39m  
  [33;1m![39;22m[90m [39m[37mAuthenticationService[39m[90m → it throws AccountLockedException when the a[39m[90m…[39m [90m0.05s[39m  
  [33;1m![39;22m[90m [39m[37mAuthenticationService[39m[90m → it increments failed attempts and throws on[39m[90m…[39m [90m0.07s[39m  
  [33;1m![39;22m[90m [39m[37mAuthenticationService[39m[90m → it triggers lockout after reaching MAX_ATTE[39m[90m…[39m [90m0.30s[39m  
  [33;1m![39;22m[90m [39m[37mAuthenticationService[39m[90m → it clears failed attempts on successful log[39m[90m…[39m [90m0.03s[39m  

  [30;43;1m WARN [39;49;22m[39m Unittests\Application\Backup\BackupMetadataServiceTest[39m
  [33;1m![39;22m[90m [39m[90mit creates a backup job in pending status with correct retention ex[39m[90m…[39m [90m0.18s[39m  
  [33;1m![39;22m[90m [39m[90mit creates a manual backup job with is_manual=true[39m[90m [39m[33m→ file_get_conte[39m[90m…[39m [90m0.04s[39m  
  [33;1m![39;22m[90m [39m[90mit transitions job to running status[39m[90m [39m[33m→ file_get_contents(/var/www/h[39m[90m…[39m [90m0.05s[39m  
  [33;1m![39;22m[90m [39m[90mit completes a backup job with manifest and size_bytes[39m[90m [39m[33m→ file_get_c[39m[90m…[39m [90m0.04s[39m  
  [33;1m![39;22m[90m [39m[90mit marks a backup job as failed with an error message[39m[90m [39m[33m→ file_get_co[39m[90m…[39m [90m0.06s[39m  
  [33;1m![39;22m[90m [39m[90mit prunes backup records whose retention window has expired[39m[90m [39m[33m→ file_[39m[90m…[39m [90m0.05s[39m  
  [33;1m![39;22m[90m [39m[90mit returns zero from pruneExpired when no records have expired[39m[90m [39m[33m→ fi[39m[90m…[39m [90m0.03s[39m  

  [30;43;1m WARN [39;49;22m[39m Unittests\Application\Configuration\ConfigurationServiceTest[39m
  [33;1m![39;22m[90m [39m[37mConfigurationService[39m[90m → it creates a configuration set with is_activ[39m[90m…[39m [90m0.07s[39m  
  [33;1m![39;22m[90m [39m[37mConfigurationService[39m[90m → it throws InvalidRolloutTransitionException[39m[90m… [39m [90m0.05s[39m  
  [33;1m![39;22m[90m [39m[37mConfigurationService[39m[90m → it throws CanaryCapExceededException when ta[39m[90m…[39m [90m0.03s[39m  
  [33;1m![39;22m[90m [39m[37mConfigurationService[39m[90m → it does not throw when target count is withi[39m[90m…[39m [90m0.06s[39m  
  [33;1m![39;22m[90m [39m[37mConfigurationService[39m[90m → it throws InvalidRolloutTransitionException[39m[90m… [39m [90m0.04s[39m  
  [33;1m![39;22m[90m [39m[37mConfigurationService[39m[90m → it throws CanaryNotReadyToPromoteException w[39m[90m…[39m [90m0.02s[39m  
  [33;1m![39;22m[90m [39m[37mConfigurationService[39m[90m → it promotes version after 24h window and rec[39m[90m…[39m [90m0.03s[39m  
  [33;1m![39;22m[90m [39m[37mConfigurationService[39m[90m → it throws InvalidRolloutTransitionException[39m[90m… [39m [90m0.03s[39m  
  [33;1m![39;22m[90m [39m[37mConfigurationService[39m[90m → it does not throw InvalidRolloutTransitionEx[39m[90m…[39m [90m0.03s[39m  

  [30;43;1m WARN [39;49;22m[39m Unittests\Application\Document\DocumentServiceTest[39m
  [33;1m![39;22m[90m [39m[37mDocumentService[39m[90m → it creates a document with draft status and owner[39m[90m…[39m [90m0.13s[39m  
  [33;1m![39;22m[90m [39m[37mDocumentService[39m[90m → it throws DocumentArchivedException when updating[39m[90m…[39m [90m0.07s[39m  
  [33;1m![39;22m[90m [39m[37mDocumentService[39m[90m → it throws DocumentArchivedException when creating[39m[90m…[39m [90m0.05s[39m  
  [33;1m![39;22m[90m [39m[37mDocumentService[39m[90m → it delegates archive operation to the repository[39m[90m… [39m [90m0.04s[39m  
  [33;1m![39;22m[90m [39m[37mDocumentService[39m[90m → it throws DocumentArchivedException on archive wh[39m[90m…[39m [90m0.04s[39m  
  [33;1m![39;22m[90m [39m[37mDocumentService[39m[90m → it uses the encrypted path JSON format when creat[39m[90m…[39m [90m0.08s[39m  

  [30;43;1m WARN [39;49;22m[39m Unittests\Application\Idempotency\IdempotencyPersistenceAuditTest[39m
  [33;1m![39;22m[90m [39m[90mit writes an idempotency cache record and corresponding audit event[39m[90m…[39m [90m0.19s[39m  
  [33;1m![39;22m[90m [39m[90mit does not create duplicate idempotency rows or duplicate create-a[39m[90m…[39m [90m0.06s[39m  
  [33;1m![39;22m[90m [39m[90mit stores separate rows for the same key when actor scope differs[39m[90m [39m[33m→[39m[90m…[39m [90m0.08s[39m  

  [30;43;1m WARN [39;49;22m[39m Unittests\Application\Idempotency\IdempotencyServiceTest[39m
  [33;1m![39;22m[90m [39m[37mIdempotencyService[39m[90m → it hashKey produces a consistent SHA-256 hex s[39m[90m…[39m [90m0.03s[39m  
  [33;1m![39;22m[90m [39m[37mIdempotencyService[39m[90m → it hashKey produces exactly 64 hex characters[39m[90m… [39m [90m0.02s[39m  
  [33;1m![39;22m[90m [39m[37mIdempotencyService[39m[90m → it hashKey produces different hashes for diffe[39m[90m…[39m [90m0.02s[39m  
  [33;1m![39;22m[90m [39m[37mIdempotencyService[39m[90m → it hashKey is case-sensitive — different cases[39m[90m…[39m [90m0.02s[39m  
  [33;1m![39;22m[90m [39m[37mIdempotencyService[39m[90m → it accepts a valid UUID v4 lowercase[39m[90m [39m[33m→ file_ge[39m[90m…[39m [90m0.02s[39m  
  [33;1m![39;22m[90m [39m[37mIdempotencyService[39m[90m → it accepts a valid UUID v4 uppercase[39m[90m [39m[33m→ file_ge[39m[90m…[39m [90m0.02s[39m  
  [33;1m![39;22m[90m [39m[37mIdempotencyService[39m[90m → it accepts a UUID with version 4 marker[39m[90m [39m[33m→ file[39m[90m…[39m [90m0.02s[39m  
  [33;1m![39;22m[90m [39m[37mIdempotencyService[39m[90m → it rejects an empty string[39m[90m [39m[33m→ file_get_contents[39m[90m…[39m [90m0.02s[39m  
  [33;1m![39;22m[90m [39m[37mIdempotencyService[39m[90m → it rejects a plain string[39m[90m [39m[33m→ file_get_contents([39m[90m…[39m [90m0.02s[39m  
  [33;1m![39;22m[90m [39m[37mIdempotencyService[39m[90m → it rejects a UUID without hyphens[39m[90m [39m[33m→ file_get_c[39m[90m…[39m [90m0.03s[39m  
  [33;1m![39;22m[90m [39m[37mIdempotencyService[39m[90m → it rejects a UUID v1 (version marker is 1, not[39m[90m…[39m [90m0.02s[39m  
  [33;1m![39;22m[90m [39m[37mIdempotencyService[39m[90m → it rejects a UUID with wrong variant bits in f[39m[90m…[39m [90m0.03s[39m  

  [30;43;1m WARN [39;49;22m[39m Unittests\Application\Logging\StructuredLoggerAuditTest[39m
  [33;1m![39;22m[90m [39m[90mit records an audit event when writing a structured log entry[39m[90m [39m[33m→ fil[39m[90m…[39m [90m0.10s[39m  
  [33;1m![39;22m[90m [39m[90mit records delete audit events when pruning expired structured logs[39m[90m…[39m [90m0.04s[39m  

  [30;43;1m WARN [39;49;22m[39m Unittests\Application\Logging\StructuredLoggerTest[39m
  [33;1m![39;22m[90m [39m[37mStructuredLogger — sanitize()[39m[90m → it redacts the password key[39m[90m [39m[33m→ file_[39m[90m…[39m [90m0.03s[39m  
  [33;1m![39;22m[90m [39m[37mStructuredLogger — sanitize()[39m[90m → it redacts the token key[39m[90m [39m[33m→ file_get[39m[90m…[39m [90m0.02s[39m  
  [33;1m![39;22m[90m [39m[37mStructuredLogger — sanitize()[39m[90m → it redacts the secret key[39m[90m [39m[33m→ file_ge[39m[90m…[39m [90m0.02s[39m  
  [33;1m![39;22m[90m [39m[37mStructuredLogger — sanitize()[39m[90m → it redacts the api_key key[39m[90m [39m[33m→ file_g[39m[90m…[39m [90m0.03s[39m  
  [33;1m![39;22m[90m [39m[37mStructuredLogger — sanitize()[39m[90m → it redacts the authorization key (c[39m[90m…[39m [90m0.03s[39m  
  [33;1m![39;22m[90m [39m[37mStructuredLogger — sanitize()[39m[90m → it redacts keys that contain sensit[39m[90m…[39m [90m0.02s[39m  
  [33;1m![39;22m[90m [39m[37mStructuredLogger — sanitize()[39m[90m → it preserves unrelated keys unchang[39m[90m…[39m [90m0.02s[39m  
  [33;1m![39;22m[90m [39m[37mStructuredLogger — sanitize()[39m[90m → it handles an empty context array[39m[90m [39m[33m→[39m[90m…[39m [90m0.02s[39m  
  [33;1m![39;22m[90m [39m[37mStructuredLogger — sanitize()[39m[90m → it preserves non-sensitive values o[39m[90m…[39m [90m0.03s[39m  
  [33;1m![39;22m[90m [39m[37mStructuredLogger — sanitize()[39m[90m → it handles mixed sensitive and non-[39m[90m…[39m [90m0.03s[39m  
  [33;1m![39;22m[90m [39m[37mStructuredLogger — sanitize()[39m[90m → it recursively redacts sensitive ke[39m[90m…[39m [90m0.03s[39m  
  [33;1m![39;22m[90m [39m[37mStructuredLogger — sanitize()[39m[90m → it recursively redacts sensitive ke[39m[90m…[39m [90m0.03s[39m  
  [33;1m![39;22m[90m [39m[37mStructuredLogger — sanitize()[39m[90m → it does not redact values in nested[39m[90m…[39m [90m0.02s[39m  

  [30;43;1m WARN [39;49;22m[39m Unittests\Application\Metrics\MetricsRetentionServiceTest[39m
  [33;1m![39;22m[90m [39m[90mit records a metrics snapshot with the correct metric_type and valu[39m[90m…[39m [90m0.11s[39m  
  [33;1m![39;22m[90m [39m[90mit sets retained_until to now() + configured metrics retention days[39m[90m…[39m [90m0.06s[39m  
  [33;1m![39;22m[90m [39m[90mit records a failed_approvals metric snapshot[39m[90m [39m[33m→ file_get_contents(/[39m[90m…[39m [90m0.06s[39m  
  [33;1m![39;22m[90m [39m[90mit records a snapshot with no labels when labels array is empty[39m[90m [39m[33m→ f[39m[90m…[39m [90m0.07s[39m  
  [33;1m![39;22m[90m [39m[90mit prunes metrics snapshots whose retention window has expired[39m[90m [39m[33m→ fi[39m[90m…[39m [90m0.07s[39m  
  [33;1m![39;22m[90m [39m[90mit prunes all three metric types correctly[39m[90m [39m[33m→ file_get_contents(/var[39m[90m…[39m [90m0.07s[39m  
  [33;1m![39;22m[90m [39m[90mit returns zero from pruneExpired when no snapshots have expired[39m[90m [39m[33m→[39m[90m… [39m [90m0.03s[39m  

  [30;43;1m WARN [39;49;22m[39m Unittests\Application\Sales\ReturnServiceTest[39m
  [33;1m![39;22m[90m [39m[37mReturnService[39m[90m → it throws InvalidSalesTransitionException when crea[39m[90m…[39m [90m0.11s[39m  
  [33;1m![39;22m[90m [39m[37mReturnService[39m[90m → it throws InvalidSalesTransitionException when crea[39m[90m…[39m [90m0.03s[39m  
  [33;1m![39;22m[90m [39m[37mReturnService[39m[90m → it throws ReturnWindowExpiredException for non-defe[39m[90m…[39m [90m0.04s[39m  
  [33;1m![39;22m[90m [39m[37mReturnService[39m[90m → it does NOT throw ReturnWindowExpiredException for[39m[90m… [39m [90m0.04s[39m  
  [33;1m![39;22m[90m [39m[37mReturnService[39m[90m → it calculates restock fee as 10% for non-defective[39m[90m… [39m [90m0.02s[39m  
  [33;1m![39;22m[90m [39m[37mReturnService[39m[90m → it sets restock fee to 0 for defective return[39m[90m [39m[33m→ fil[39m[90m…[39m [90m0.02s[39m  
  [33;1m![39;22m[90m [39m[37mReturnService[39m[90m → it applies custom restock_fee_percent when provided[39m[90m…[39m [90m0.02s[39m  
  [33;1m![39;22m[90m [39m[37mReturnService[39m[90m → it calculates refund amount as return_amount minus[39m[90m… [39m [90m0.02s[39m  
  [33;1m![39;22m[90m [39m[37mReturnService[39m[90m → it refund amount is never negative even if fee exce[39m[90m…[39m [90m0.02s[39m  
  [33;1m![39;22m[90m [39m[37mReturnService[39m[90m → it throws InvalidSalesTransitionException when comp[39m[90m…[39m [90m0.04s[39m  

  [30;43;1m WARN [39;49;22m[39m Unittests\Application\Sales\SalesDocumentServiceTest[39m
  [33;1m![39;22m[90m [39m[37mSalesDocumentService[39m[90m → it generates document number in SITE-YYYYMMD[39m[90m…[39m [90m0.05s[39m  
  [33;1m![39;22m[90m [39m[37mSalesDocumentService[39m[90m → it zero-pads sequence to 6 digits[39m[90m [39m[33m→ file_get[39m[90m…[39m [90m0.02s[39m  
  [33;1m![39;22m[90m [39m[37mSalesDocumentService[39m[90m → it throws InvalidSalesTransitionException wh[39m[90m…[39m [90m0.04s[39m  
  [33;1m![39;22m[90m [39m[37mSalesDocumentService[39m[90m → it throws InvalidSalesTransitionException wh[39m[90m…[39m [90m0.05s[39m  
  [33;1m![39;22m[90m [39m[37mSalesDocumentService[39m[90m → it throws InvalidSalesTransitionException wh[39m[90m…[39m [90m0.05s[39m  
  [33;1m![39;22m[90m [39m[37mSalesDocumentService[39m[90m → it throws InvalidSalesTransitionException wh[39m[90m…[39m [90m0.03s[39m  
  [33;1m![39;22m[90m [39m[37mSalesDocumentService[39m[90m → it throws InvalidSalesTransitionException wh[39m[90m…[39m [90m0.03s[39m  
  [33;1m![39;22m[90m [39m[37mSalesDocumentService[39m[90m → it throws InvalidSalesTransitionException wh[39m[90m…[39m [90m0.03s[39m  
  [33;1m![39;22m[90m [39m[37mSalesDocumentService[39m[90m → it throws InvalidSalesTransitionException wh[39m[90m…[39m [90m0.02s[39m  
  [33;1m![39;22m[90m [39m[37mSalesDocumentService[39m[90m → it throws OutboundLinkageNotAllowedException[39m[90m…[39m [90m0.03s[39m  
  [33;1m![39;22m[90m [39m[37mSalesDocumentService[39m[90m → it throws OutboundLinkageNotAllowedException[39m[90m…[39m [90m0.03s[39m  
  [33;1m![39;22m[90m [39m[37mSalesDocumentService[39m[90m → it does not throw when linking outbound on a[39m[90m…[39m [90m0.02s[39m  

  [30;43;1m WARN [39;49;22m[39m Unittests\Application\Workflow\WorkflowServiceTest[39m
  [33;1m![39;22m[90m [39m[37mWorkflowService[39m[90m → it throws WorkflowNodeNotActionableException when[39m[90m…[39m [90m0.14s[39m  
  [33;1m![39;22m[90m [39m[37mWorkflowService[39m[90m → it throws WorkflowTerminatedException when acting[39m[90m…[39m [90m0.04s[39m  
  [33;1m![39;22m[90m [39m[37mWorkflowService[39m[90m → it throws ReasonRequiredException when rejecting[39m[90m… [39m [90m0.03s[39m  
  [33;1m![39;22m[90m [39m[37mWorkflowService[39m[90m → it throws ReasonRequiredException when rejecting[39m[90m… [39m [90m0.03s[39m  
  [33;1m![39;22m[90m [39m[37mWorkflowService[39m[90m → it throws ReasonRequiredException when reassignin[39m[90m…[39m [90m0.04s[39m  
  [33;1m![39;22m[90m [39m[37mWorkflowService[39m[90m → it throws WorkflowTerminatedException when withdr[39m[90m…[39m [90m0.05s[39m  
  [33;1m![39;22m[90m [39m[37mWorkflowService[39m[90m → it calls instance update with withdrawn status on[39m[90m…[39m [90m0.05s[39m  
  [33;1m![39;22m[90m [39m[37mWorkflowService[39m[90m → it does not throw ReasonRequiredException when re[39m[90m…[39m [90m0.05s[39m  
  [33;1m![39;22m[90m [39m[37mWorkflowService[39m[90m → it calls createNode when adding an approver[39m[90m [39m[33m→ fil[39m[90m…[39m [90m0.04s[39m  

  [30;43;1m WARN [39;49;22m[39m Unittests\Domain\Attachment\FileConstraintsTest[39m
  [33;1m![39;22m[90m [39m[37mconstants[39m[90m → it enforces MAX_SIZE_BYTES of exactly 25MB[39m[90m [39m[33m→ file_get_c[39m[90m…[39m [90m0.08s[39m  
  [33;1m![39;22m[90m [39m[37mconstants[39m[90m → it enforces MAX_FILES_PER_RECORD of 20[39m[90m [39m[33m→ file_get_conte[39m[90m…[39m [90m0.02s[39m  
  [33;1m![39;22m[90m [39m[37misSizeAllowed()[39m[90m → it allows files at exactly 25MB[39m[90m [39m[33m→ file_get_conten[39m[90m…[39m [90m0.02s[39m  
  [33;1m![39;22m[90m [39m[37misSizeAllowed()[39m[90m → it allows files below 25MB[39m[90m [39m[33m→ file_get_contents(/v[39m[90m…[39m [90m0.02s[39m  
  [33;1m![39;22m[90m [39m[37misSizeAllowed()[39m[90m → it rejects files above 25MB[39m[90m [39m[33m→ file_get_contents(/[39m[90m…[39m [90m0.02s[39m  
  [33;1m![39;22m[90m [39m[37misSizeAllowed()[39m[90m → it rejects zero-byte files[39m[90m [39m[33m→ file_get_contents(/v[39m[90m…[39m [90m0.02s[39m  
  [33;1m![39;22m[90m [39m[37misMimeAllowed()[39m[90m → it allows all 5 required MIME types[39m[90m [39m[33m→ file_get_co[39m[90m…[39m [90m0.02s[39m  
  [33;1m![39;22m[90m [39m[37misMimeAllowed()[39m[90m → it rejects disallowed MIME types[39m[90m [39m[33m→ file_get_conte[39m[90m…[39m [90m0.02s[39m  
  [33;1m![39;22m[90m [39m[37mallowedMimeTypes()[39m[90m → it returns exactly 5 allowed MIME types[39m[90m [39m[33m→ file[39m[90m…[39m [90m0.02s[39m  
  [33;1m![39;22m[90m [39m[37mallowedMimeTypes()[39m[90m → it includes all required MIME types[39m[90m [39m[33m→ file_get[39m[90m…[39m [90m0.02s[39m  
  [33;1m![39;22m[90m [39m[37mwouldExceedFileCount()[39m[90m → it does not exceed when adding 1 file to 1[39m[90m…[39m [90m0.02s[39m  
  [33;1m![39;22m[90m [39m[37mwouldExceedFileCount()[39m[90m → it does not exceed when current count is 2[39m[90m…[39m [90m0.02s[39m  
  [33;1m![39;22m[90m [39m[37mwouldExceedFileCount()[39m[90m → it exceeds when adding 1 file to 20 existi[39m[90m…[39m [90m0.02s[39m  
  [33;1m![39;22m[90m [39m[37mwouldExceedFileCount()[39m[90m → it exceeds when adding multiple files that[39m[90m…[39m [90m0.02s[39m  

  [30;43;1m WARN [39;49;22m[39m Unittests\Domain\Attachment\LinkTtlConstraintTest[39m
  [33;1m![39;22m[90m [39m[37mconstants[39m[90m → it enforces MAX_TTL_HOURS of 72[39m[90m [39m[33m→ file_get_contents(/va[39m[90m…[39m [90m0.06s[39m  
  [33;1m![39;22m[90m [39m[37mconstants[39m[90m → it enforces DEFAULT_VALIDITY_DAYS of 365[39m[90m [39m[33m→ file_get_con[39m[90m…[39m [90m0.02s[39m  
  [33;1m![39;22m[90m [39m[37misTtlAllowed()[39m[90m → it allows TTL of 1 hour (minimum)[39m[90m [39m[33m→ file_get_conte[39m[90m…[39m [90m0.02s[39m  
  [33;1m![39;22m[90m [39m[37misTtlAllowed()[39m[90m → it allows TTL of exactly 72 hours (maximum)[39m[90m [39m[33m→ file[39m[90m…[39m [90m0.02s[39m  
  [33;1m![39;22m[90m [39m[37misTtlAllowed()[39m[90m → it allows TTL within range[39m[90m [39m[33m→ file_get_contents(/va[39m[90m…[39m [90m0.02s[39m  
  [33;1m![39;22m[90m [39m[37misTtlAllowed()[39m[90m → it rejects TTL of 0 hours[39m[90m [39m[33m→ file_get_contents(/var[39m[90m…[39m [90m0.02s[39m  
  [33;1m![39;22m[90m [39m[37misTtlAllowed()[39m[90m → it rejects TTL exceeding 72 hours[39m[90m [39m[33m→ file_get_conte[39m[90m…[39m [90m0.04s[39m  
  [33;1m![39;22m[90m [39m[37mclampTtl()[39m[90m → it clamps TTL above 72 to 72[39m[90m [39m[33m→ file_get_contents(/var/[39m[90m…[39m [90m0.02s[39m  
  [33;1m![39;22m[90m [39m[37mclampTtl()[39m[90m → it clamps TTL of 0 to 1[39m[90m [39m[33m→ file_get_contents(/var/www/h[39m[90m…[39m [90m0.02s[39m  
  [33;1m![39;22m[90m [39m[37mclampTtl()[39m[90m → it leaves valid TTL unchanged[39m[90m [39m[33m→ file_get_contents(/var[39m[90m…[39m [90m0.02s[39m  
  [33;1m![39;22m[90m [39m[37mcomputeExpiry()[39m[90m → it computes expiry as now plus TTL hours[39m[90m [39m[33m→ file_g[39m[90m…[39m [90m0.02s[39m  
  [33;1m![39;22m[90m [39m[37mcomputeExpiry()[39m[90m → it computes expiry for 72 hours correctly[39m[90m [39m[33m→ file_[39m[90m…[39m [90m0.02s[39m  
  [33;1m![39;22m[90m [39m[37misExpired()[39m[90m → it returns true when expiry has passed[39m[90m [39m[33m→ file_get_con[39m[90m…[39m [90m0.02s[39m  
  [33;1m![39;22m[90m [39m[37misExpired()[39m[90m → it returns true at the exact expiry moment[39m[90m [39m[33m→ file_get[39m[90m…[39m [90m0.02s[39m  
  [33;1m![39;22m[90m [39m[37misExpired()[39m[90m → it returns false when expiry has not yet passed[39m[90m [39m[33m→ fil[39m[90m…[39m [90m0.02s[39m  

  [30;43;1m WARN [39;49;22m[39m Unittests\Domain\Audit\IdempotencyKeyHashTest[39m
  [33;1m![39;22m[90m [39m[37mIdempotency Key Hashing[39m[90m → it produces the same hash for the same in[39m[90m…[39m [90m0.06s[39m  
  [33;1m![39;22m[90m [39m[37mIdempotency Key Hashing[39m[90m → it produces different hashes for differen[39m[90m…[39m [90m0.02s[39m  
  [33;1m![39;22m[90m [39m[37mIdempotency Key Hashing[39m[90m → it produces a 64-character hexadecimal ha[39m[90m…[39m [90m0.02s[39m  
  [33;1m![39;22m[90m [39m[37mIdempotency Key Hashing[39m[90m → it is case-sensitive — different casing p[39m[90m…[39m [90m0.02s[39m  
  [33;1m![39;22m[90m [39m[37mIdempotency Key Hashing[39m[90m → it does not truncate — empty key produces[39m[90m…[39m [90m0.02s[39m  

  [30;43;1m WARN [39;49;22m[39m Unittests\Domain\Auth\LockoutPolicyTest[39m
  [33;1m![39;22m[90m [39m[37mconfig-backed defaults[39m[90m → it returns max_attempts of 5 by default[39m[90m [39m[33m→[39m[90m… [39m [90m0.03s[39m  
  [33;1m![39;22m[90m [39m[37mconfig-backed defaults[39m[90m → it returns lockout_minutes of 15 by defaul[39m[90m…[39m [90m0.02s[39m  
  [33;1m![39;22m[90m [39m[37mshouldLock()[39m[90m → it does not lock before reaching the threshold[39m[90m [39m[33m→ fil[39m[90m…[39m [90m0.02s[39m  
  [33;1m![39;22m[90m [39m[37mshouldLock()[39m[90m → it locks at exactly the configured threshold (5 by d[39m[90m…[39m [90m0.02s[39m  
  [33;1m![39;22m[90m [39m[37mshouldLock()[39m[90m → it locks when attempts exceed the threshold[39m[90m [39m[33m→ file_g[39m[90m…[39m [90m0.02s[39m  
  [33;1m![39;22m[90m [39m[37mlockoutUntil()[39m[90m → it computes expiry exactly 15 minutes from now[39m[90m [39m[33m→ f[39m[90m…[39m [90m0.03s[39m  
  [33;1m![39;22m[90m [39m[37misLockoutExpired()[39m[90m → it returns true when current time is after loc[39m[90m…[39m [90m0.01s[39m  
  [33;1m![39;22m[90m [39m[37misLockoutExpired()[39m[90m → it returns false when current time is before l[39m[90m…[39m [90m0.02s[39m  
  [33;1m![39;22m[90m [39m[37misLockoutExpired()[39m[90m → it returns false at the exact expiry moment (n[39m[90m…[39m [90m0.02s[39m  

  [30;43;1m WARN [39;49;22m[39m Unittests\Domain\Auth\PasswordPolicyTest[39m
  [33;1m![39;22m[90m [39m[37mvalidate()[39m[90m → it accepts a valid password meeting all requirements[39m[90m [39m[33m→[39m[90m…[39m [90m0.04s[39m  
  [33;1m![39;22m[90m [39m[37mvalidate()[39m[90m → it rejects a password shorter than 12 characters[39m[90m [39m[33m→ fil[39m[90m…[39m [90m0.02s[39m  
  [33;1m![39;22m[90m [39m[37mvalidate()[39m[90m → it rejects a password with exactly 12 chars but no upp[39m[90m…[39m [90m0.02s[39m  
  [33;1m![39;22m[90m [39m[37mvalidate()[39m[90m → it rejects a password with exactly 12 chars but no low[39m[90m…[39m [90m0.01s[39m  
  [33;1m![39;22m[90m [39m[37mvalidate()[39m[90m → it rejects a password with exactly 12 chars but no dig[39m[90m…[39m [90m0.01s[39m  
  [33;1m![39;22m[90m [39m[37mvalidate()[39m[90m → it accepts a password of exactly 12 characters with al[39m[90m…[39m [90m0.02s[39m  
  [33;1m![39;22m[90m [39m[37mviolations()[39m[90m → it returns empty array for a valid password[39m[90m [39m[33m→ file_g[39m[90m…[39m [90m0.03s[39m  
  [33;1m![39;22m[90m [39m[37mviolations()[39m[90m → it reports all violations simultaneously for a weak[39m[90m… [39m [90m0.04s[39m  
  [33;1m![39;22m[90m [39m[37mviolations()[39m[90m → it reports only the length violation when the rest a[39m[90m…[39m [90m0.02s[39m  
  [33;1m![39;22m[90m [39m[37mviolations()[39m[90m → it reports only the uppercase violation[39m[90m [39m[33m→ file_get_c[39m[90m…[39m [90m0.02s[39m  
  [33;1m![39;22m[90m [39m[37mviolations()[39m[90m → it reports only the digit violation[39m[90m [39m[33m→ file_get_conte[39m[90m…[39m [90m0.02s[39m  
  [33;1m![39;22m[90m [39m[37mconstants[39m[90m → it enforces minimum length of 12[39m[90m [39m[33m→ file_get_contents(/v[39m[90m…[39m [90m0.02s[39m  

  [30;43;1m WARN [39;49;22m[39m Unittests\Domain\Configuration\CanaryConstraintTest[39m
  [33;1m![39;22m[90m [39m[37mconfig-backed defaults[39m[90m → it returns max_canary_percent of 10.0 by d[39m[90m…[39m [90m0.05s[39m  
  [33;1m![39;22m[90m [39m[37mconfig-backed defaults[39m[90m → it returns min_promotion_hours of 24 by de[39m[90m…[39m [90m0.02s[39m  
  [33;1m![39;22m[90m [39m[37mmaxTargets()[39m[90m → it allows 10 targets when eligible population is 100[39m[90m…[39m [90m0.04s[39m  
  [33;1m![39;22m[90m [39m[37mmaxTargets()[39m[90m → it allows 1 target when eligible population is 10[39m[90m [39m[33m→[39m[90m… [39m [90m0.02s[39m  
  [33;1m![39;22m[90m [39m[37mmaxTargets()[39m[90m → it allows 0 targets when eligible population is 9 (f[39m[90m…[39m [90m0.02s[39m  
  [33;1m![39;22m[90m [39m[37mmaxTargets()[39m[90m → it allows 5 targets when eligible population is 50[39m[90m [39m[33m→[39m[90m…[39m [90m0.02s[39m  
  [33;1m![39;22m[90m [39m[37mmaxTargets()[39m[90m → it allows 0 targets when population is 0[39m[90m [39m[33m→ file_get_[39m[90m…[39m [90m0.02s[39m  
  [33;1m![39;22m[90m [39m[37misWithinCap()[39m[90m → it accepts exactly 10% selection (10 of 100)[39m[90m [39m[33m→ file[39m[90m…[39m [90m0.02s[39m  
  [33;1m![39;22m[90m [39m[37misWithinCap()[39m[90m → it accepts below 10% selection (5 of 100)[39m[90m [39m[33m→ file_ge[39m[90m…[39m [90m0.02s[39m  
  [33;1m![39;22m[90m [39m[37misWithinCap()[39m[90m → it rejects selection exceeding 10% (11 of 100)[39m[90m [39m[33m→ fi[39m[90m…[39m [90m0.02s[39m  
  [33;1m![39;22m[90m [39m[37misWithinCap()[39m[90m → it rejects any selection when eligible population i[39m[90m…[39m [90m0.02s[39m  
  [33;1m![39;22m[90m [39m[37misWithinCap()[39m[90m → it rejects selection exceeding floor cap (1 of 9 —[39m[90m… [39m [90m0.02s[39m  
  [33;1m![39;22m[90m [39m[37mcanPromote()[39m[90m → it allows promotion after 24+ hours[39m[90m [39m[33m→ file_get_conte[39m[90m…[39m [90m0.02s[39m  
  [33;1m![39;22m[90m [39m[37mcanPromote()[39m[90m → it allows promotion at exactly 24 hours[39m[90m [39m[33m→ file_get_c[39m[90m…[39m [90m0.02s[39m  
  [33;1m![39;22m[90m [39m[37mcanPromote()[39m[90m → it blocks promotion before 24 hours[39m[90m [39m[33m→ file_get_conte[39m[90m…[39m [90m0.01s[39m  
  [33;1m![39;22m[90m [39m[37mearliestPromotionAt()[39m[90m → it returns exactly 24 hours after canary st[39m[90m…[39m [90m0.02s[39m  

  [30;43;1m WARN [39;49;22m[39m Unittests\Domain\Sales\DocumentNumberTest[39m
  [33;1m![39;22m[90m [39m[37mformat()[39m[90m → it generates a correctly formatted document number[39m[90m [39m[33m→ fil[39m[90m…[39m [90m0.06s[39m  
  [33;1m![39;22m[90m [39m[37mformat()[39m[90m → it zero-pads sequence to 6 digits[39m[90m [39m[33m→ file_get_contents(/v[39m[90m…[39m [90m0.02s[39m  
  [33;1m![39;22m[90m [39m[37mformat()[39m[90m → it uppercases the site code[39m[90m [39m[33m→ file_get_contents(/var/www[39m[90m…[39m [90m0.02s[39m  
  [33;1m![39;22m[90m [39m[37misValid()[39m[90m → it validates a correctly formatted document number[39m[90m [39m[33m→ fi[39m[90m…[39m [90m0.02s[39m  
  [33;1m![39;22m[90m [39m[37misValid()[39m[90m → it rejects document numbers with wrong date format[39m[90m [39m[33m→ fi[39m[90m…[39m [90m0.02s[39m  
  [33;1m![39;22m[90m [39m[37misValid()[39m[90m → it rejects document numbers with wrong sequence format[39m[90m… [39m [90m0.02s[39m  
  [33;1m![39;22m[90m [39m[37misValid()[39m[90m → it rejects document numbers missing segments[39m[90m [39m[33m→ file_get[39m[90m…[39m [90m0.04s[39m  
  [33;1m![39;22m[90m [39m[37misValid()[39m[90m → it rejects empty string[39m[90m [39m[33m→ file_get_contents(/var/www/ht[39m[90m…[39m [90m0.02s[39m  
  [33;1m![39;22m[90m [39m[37mparse()[39m[90m → it parses a valid document number into components[39m[90m [39m[33m→ file_[39m[90m…[39m [90m0.02s[39m  
  [33;1m![39;22m[90m [39m[37mparse()[39m[90m → it returns null for an invalid document number[39m[90m [39m[33m→ file_get[39m[90m…[39m [90m0.02s[39m  
  [33;1m![39;22m[90m [39m[37mextractSiteCode()[39m[90m → it extracts the site code from a valid number[39m[90m [39m[33m→[39m[90m…[39m [90m0.02s[39m  
  [33;1m![39;22m[90m [39m[37mextractSiteCode()[39m[90m → it returns null for an invalid number[39m[90m [39m[33m→ file_ge[39m[90m…[39m [90m0.03s[39m  
  [33;1m![39;22m[90m [39m[37mextractDate()[39m[90m → it extracts the date from a valid number[39m[90m [39m[33m→ file_get[39m[90m…[39m [90m0.02s[39m  
  [33;1m![39;22m[90m [39m[37mextractDate()[39m[90m → it returns null for an invalid number[39m[90m [39m[33m→ file_get_co[39m[90m…[39m [90m0.02s[39m  

  [30;43;1m WARN [39;49;22m[39m Unittests\Domain\Sales\RestockFeePolicyTest[39m
  [33;1m![39;22m[90m [39m[37mconfig-backed defaults[39m[90m → it returns default_restock_percent of 10.0[39m[90m…[39m [90m0.05s[39m  
  [33;1m![39;22m[90m [39m[37mconfig-backed defaults[39m[90m → it returns qualifying_days of 30 by defaul[39m[90m…[39m [90m0.02s[39m  
  [33;1m![39;22m[90m [39m[37mcalculateFee()[39m[90m → it returns 0 fee for defective items regardless of[39m[90m…[39m [90m0.02s[39m  
  [33;1m![39;22m[90m [39m[37mcalculateFee()[39m[90m → it applies 10% fee for non-defective return within[39m[90m…[39m [90m0.02s[39m  
  [33;1m![39;22m[90m [39m[37mcalculateFee()[39m[90m → it applies 10% fee for non-defective return at exa[39m[90m…[39m [90m0.02s[39m  
  [33;1m![39;22m[90m [39m[37mcalculateFee()[39m[90m → it applies 10% fee for non-defective return beyond[39m[90m…[39m [90m0.02s[39m  
  [33;1m![39;22m[90m [39m[37mcalculateFee()[39m[90m → it correctly rounds to 2 decimal places[39m[90m [39m[33m→ file_get[39m[90m…[39m [90m0.01s[39m  
  [33;1m![39;22m[90m [39m[37mcalculateFee()[39m[90m → it applies custom fee percentage override[39m[90m [39m[33m→ file_g[39m[90m…[39m [90m0.02s[39m  
  [33;1m![39;22m[90m [39m[37misWithinQualifyingWindow()[39m[90m → it returns true for returns within 30[39m[90m… [39m [90m0.02s[39m  
  [33;1m![39;22m[90m [39m[37misWithinQualifyingWindow()[39m[90m → it returns true at exactly 30 days[39m[90m [39m[33m→ f[39m[90m…[39m [90m0.02s[39m  
  [33;1m![39;22m[90m [39m[37misWithinQualifyingWindow()[39m[90m → it returns false for returns beyond 30[39m[90m…[39m [90m0.02s[39m  
  [33;1m![39;22m[90m [39m[37mcalculateRefundAmount()[39m[90m → it subtracts restock fee from return amou[39m[90m…[39m [90m0.02s[39m  
  [33;1m![39;22m[90m [39m[37mcalculateRefundAmount()[39m[90m → it returns 0 when restock fee equals or e[39m[90m…[39m [90m0.04s[39m  
  [33;1m![39;22m[90m [39m[37mcalculateRefundAmount()[39m[90m → it returns full amount when restock fee i[39m[90m…[39m [90m0.02s[39m  

  [30;43;1m WARN [39;49;22m[39m Unittests\Domain\Workflow\SlaCalculationTest[39m
  [33;1m![39;22m[90m [39m[37mconstants[39m[90m → it enforces DEFAULT_SLA_BUSINESS_DAYS of 2[39m[90m [39m[33m→ file_get_c[39m[90m…[39m [90m0.07s[39m  
  [33;1m![39;22m[90m [39m[37mcalculateDueAt()[39m[90m → it adds 2 business days from Monday — result is[39m[90m… [39m [90m0.02s[39m  
  [33;1m![39;22m[90m [39m[37mcalculateDueAt()[39m[90m → it adds 2 business days from Friday — skips week[39m[90m…[39m [90m0.02s[39m  
  [33;1m![39;22m[90m [39m[37mcalculateDueAt()[39m[90m → it adds 2 business days from Thursday — result i[39m[90m…[39m [90m0.02s[39m  
  [33;1m![39;22m[90m [39m[37mcalculateDueAt()[39m[90m → it adds 2 business days from Wednesday — result[39m[90m… [39m [90m0.02s[39m  
  [33;1m![39;22m[90m [39m[37mcalculateDueAt()[39m[90m → it adds 2 business days from Saturday — skips bo[39m[90m…[39m [90m0.02s[39m  
  [33;1m![39;22m[90m [39m[37mcalculateDueAt()[39m[90m → it preserves the time-of-day component[39m[90m [39m[33m→ file_ge[39m[90m…[39m [90m0.02s[39m  
  [33;1m![39;22m[90m [39m[37mcalculateDueAt()[39m[90m → it works with custom SLA of 0 days (same day — n[39m[90m…[39m [90m0.02s[39m  
  [33;1m![39;22m[90m [39m[37misBusinessDay()[39m[90m → it identifies Monday through Friday as business d[39m[90m…[39m [90m0.02s[39m  
  [33;1m![39;22m[90m [39m[37misBusinessDay()[39m[90m → it identifies Saturday and Sunday as non-business[39m[90m…[39m [90m0.02s[39m  
  [33;1m![39;22m[90m [39m[37misSlaBreached()[39m[90m → it returns true when current time is after the SL[39m[90m…[39m [90m0.02s[39m  
  [33;1m![39;22m[90m [39m[37misSlaBreached()[39m[90m → it returns false when current time is before the[39m[90m… [39m [90m0.02s[39m  
  [33;1m![39;22m[90m [39m[37misSlaBreached()[39m[90m → it returns false at the exact SLA due moment[39m[90m [39m[33m→ fi[39m[90m…[39m [90m0.02s[39m  

  [30;43;1m WARN [39;49;22m[39m Unittests\Infrastructure\Config\BusinessTableUuidPrimaryKeyTest[39m
  [33;1m![39;22m[90m [39m[37mBusiness table UUID primary key contract[39m[90m → it uses UUID id columns[39m[90m… [39m [90m0.15s[39m  

  [30;43;1m WARN [39;49;22m[39m Unittests\Infrastructure\Config\MeridianConfigLoadingTest[39m
  [33;1m![39;22m[90m [39m[37mMeridian Config — defaults and env-var loading[39m[90m → it backup retentio[39m[90m…[39m [90m0.05s[39m  
  [33;1m![39;22m[90m [39m[37mMeridian Config — defaults and env-var loading[39m[90m → it metrics retenti[39m[90m…[39m [90m0.08s[39m  
  [33;1m![39;22m[90m [39m[37mMeridian Config — defaults and env-var loading[39m[90m → it log retention d[39m[90m…[39m [90m0.03s[39m  
  [33;1m![39;22m[90m [39m[37mMeridian Config — defaults and env-var loading[39m[90m → it backup schedule[39m[90m…[39m [90m0.02s[39m  
  [33;1m![39;22m[90m [39m[37mMeridian Config — defaults and env-var loading[39m[90m → it attachment max[39m[90m… [39m [90m0.03s[39m  
  [33;1m![39;22m[90m [39m[37mMeridian Config — defaults and env-var loading[39m[90m → it attachment max[39m[90m… [39m [90m0.04s[39m  
  [33;1m![39;22m[90m [39m[37mMeridian Config — defaults and env-var loading[39m[90m → it attachment defa[39m[90m…[39m [90m0.02s[39m  
  [33;1m![39;22m[90m [39m[37mMeridian Config — defaults and env-var loading[39m[90m → it attachment allo[39m[90m…[39m [90m0.01s[39m  
  [33;1m![39;22m[90m [39m[37mMeridian Config — defaults and env-var loading[39m[90m → it link max TTL de[39m[90m…[39m [90m0.02s[39m  
  [33;1m![39;22m[90m [39m[37mMeridian Config — defaults and env-var loading[39m[90m → it auth max failed[39m[90m…[39m [90m0.01s[39m  
  [33;1m![39;22m[90m [39m[37mMeridian Config — defaults and env-var loading[39m[90m → it auth lockout du[39m[90m…[39m [90m0.02s[39m  
  [33;1m![39;22m[90m [39m[37mMeridian Config — defaults and env-var loading[39m[90m → it password minimu[39m[90m…[39m [90m0.02s[39m  
  [33;1m![39;22m[90m [39m[37mMeridian Config — defaults and env-var loading[39m[90m → it password requir[39m[90m…[39m [90m0.02s[39m  
  [33;1m![39;22m[90m [39m[37mMeridian Config — defaults and env-var loading[39m[90m → it canary max perc[39m[90m…[39m [90m0.02s[39m  
  [33;1m![39;22m[90m [39m[37mMeridian Config — defaults and env-var loading[39m[90m → it canary minimum[39m[90m… [39m [90m0.02s[39m  
  [33;1m![39;22m[90m [39m[37mMeridian Config — defaults and env-var loading[39m[90m → it canary store co[39m[90m…[39m [90m0.02s[39m  
  [33;1m![39;22m[90m [39m[37mMeridian Config — defaults and env-var loading[39m[90m → it canary store ID[39m[90m…[39m [90m0.02s[39m  
  [33;1m![39;22m[90m [39m[37mMeridian Config — defaults and env-var loading[39m[90m → it workflow defaul[39m[90m…[39m [90m0.02s[39m  
  [33;1m![39;22m[90m [39m[37mMeridian Config — defaults and env-var loading[39m[90m → it restock fee def[39m[90m…[39m [90m0.02s[39m  
  [33;1m![39;22m[90m [39m[37mMeridian Config — defaults and env-var loading[39m[90m → it restock fee qua[39m[90m…[39m [90m0.02s[39m  
  [33;1m![39;22m[90m [39m[37mMeridian Config — defaults and env-var loading[39m[90m → it lan_base_url ha[39m[90m…[39m [90m0.02s[39m  
  [33;1m![39;22m[90m [39m[37mMeridian Config — defaults and env-var loading[39m[90m → it idempotency TTL[39m[90m…[39m [90m0.02s[39m  
  [33;1m![39;22m[90m [39m[37mMeridian Config — defaults and env-var loading[39m[90m → it .env.example do[39m[90m…[39m [90m0.01s[39m  
  [33;1m![39;22m[90m [39m[37mMeridian Config — defaults and env-var loading[39m[90m → it backup retentio[39m[90m…[39m [90m0.02s[39m  
  [33;1m![39;22m[90m [39m[37mMeridian Config — defaults and env-var loading[39m[90m → it all config keys[39m[90m…[39m [90m0.02s[39m  

  [30;43;1m WARN [39;49;22m[39m Unittests\Infrastructure\Maintenance\MaintenanceJobsTest[39m
  [33;1m![39;22m[90m [39m[90mit PruneBackupsJob deletes expired backup records beyond 14-day ret[39m[90m…[39m [90m0.09s[39m  
  [33;1m![39;22m[90m [39m[90mit PruneRetentionJob prunes expired structured logs[39m[90m [39m[33m→ file_get_cont[39m[90m…[39m [90m0.04s[39m  
  [33;1m![39;22m[90m [39m[90mit PruneRetentionJob prunes expired metrics snapshots beyond 90-day[39m[90m…[39m [90m0.05s[39m  
  [33;1m![39;22m[90m [39m[90mit ExpireAttachmentLinksJob deletes links expired beyond the 24h gr[39m[90m…[39m [90m0.06s[39m  
  [33;1m![39;22m[90m [39m[90mit ExpireAttachmentLinksJob emits an audit Delete event for each TT[39m[90m…[39m [90m0.04s[39m  
  [33;1m![39;22m[90m [39m[90mit PruneBackupsJob emits a Delete audit event for each pruned backu[39m[90m…[39m [90m0.03s[39m  
  [33;1m![39;22m[90m [39m[90mit ExpireAttachmentsJob emits an Update audit event for each attach[39m[90m…[39m [90m0.04s[39m  
  [33;1m![39;22m[90m [39m[90mit SendSlaRemindersJob creates a reminder to-do item for overdue no[39m[90m…[39m [90m0.05s[39m  
  [33;1m![39;22m[90m [39m[90mit SendSlaRemindersJob does not create a second reminder when remin[39m[90m…[39m [90m0.08s[39m  

  [30;43;1m WARN [39;49;22m[39m Unittests\Infrastructure\Security\EncryptionServiceTest[39m
  [33;1m![39;22m[90m [39m[37mEncryptionService[39m[90m → it roundtrips plaintext through encrypt and dec[39m[90m…[39m [90m0.03s[39m  
  [33;1m![39;22m[90m [39m[37mEncryptionService[39m[90m → it produces different ciphertext for the same p[39m[90m…[39m [90m0.01s[39m  
  [33;1m![39;22m[90m [39m[37mEncryptionService[39m[90m → it returns base64-encoded ciphertext and IV str[39m[90m…[39m [90m0.01s[39m  
  [33;1m![39;22m[90m [39m[37mEncryptionService[39m[90m → it throws on corrupted ciphertext during decryp[39m[90m…[39m [90m0.01s[39m  
  [33;1m![39;22m[90m [39m[37mEncryptionService[39m[90m → it throws when ATTACHMENT_ENCRYPTION_KEY is mis[39m[90m…[39m [90m0.01s[39m  
  [33;1m![39;22m[90m [39m[37mEncryptionService[39m[90m → it throws when key is not exactly 32 bytes afte[39m[90m…[39m [90m0.01s[39m  

  [30;43;1m WARN [39;49;22m[39m Unittests\Infrastructure\Security\ExpiryEvaluatorTest[39m
  [33;1m![39;22m[90m [39m[37mExpiryEvaluator[39m[90m → it returns false for attachment with null expires[39m[90m…[39m [90m0.04s[39m  
  [33;1m![39;22m[90m [39m[37mExpiryEvaluator[39m[90m → it returns true for attachment with past expires_[39m[90m…[39m [90m0.02s[39m  
  [33;1m![39;22m[90m [39m[37mExpiryEvaluator[39m[90m → it returns false for attachment with future expir[39m[90m…[39m [90m0.02s[39m  
  [33;1m![39;22m[90m [39m[37mExpiryEvaluator[39m[90m → it isLinkExpired returns true for link with past[39m[90m… [39m [90m0.02s[39m  
  [33;1m![39;22m[90m [39m[37mExpiryEvaluator[39m[90m → it isLinkExpired returns false for link with futu[39m[90m…[39m [90m0.02s[39m  
  [33;1m![39;22m[90m [39m[37mExpiryEvaluator[39m[90m → it isLinkConsumed returns true for single-use lin[39m[90m…[39m [90m0.02s[39m  
  [33;1m![39;22m[90m [39m[37mExpiryEvaluator[39m[90m → it isLinkConsumed returns false for single-use li[39m[90m…[39m [90m0.01s[39m  
  [33;1m![39;22m[90m [39m[37mExpiryEvaluator[39m[90m → it isLinkConsumed returns false for non-single-us[39m[90m…[39m [90m0.02s[39m  
  [33;1m![39;22m[90m [39m[37mExpiryEvaluator[39m[90m → it isLinkRevoked returns true when revoked_at is[39m[90m… [39m [90m0.01s[39m  
  [33;1m![39;22m[90m [39m[37mExpiryEvaluator[39m[90m → it isLinkRevoked returns false when revoked_at is[39m[90m…[39m [90m0.02s[39m  
  [33;1m![39;22m[90m [39m[37mExpiryEvaluator[39m[90m → it isLinkUsable returns false when link is expire[39m[90m…[39m [90m0.02s[39m  
  [33;1m![39;22m[90m [39m[37mExpiryEvaluator[39m[90m → it isLinkUsable returns false when link is consum[39m[90m…[39m [90m0.02s[39m  
  [33;1m![39;22m[90m [39m[37mExpiryEvaluator[39m[90m → it isLinkUsable returns false when link is revoke[39m[90m…[39m [90m0.02s[39m  
  [33;1m![39;22m[90m [39m[37mExpiryEvaluator[39m[90m → it isLinkUsable returns true when link is active,[39m[90m…[39m [90m0.02s[39m  

  [30;43;1m WARN [39;49;22m[39m Unittests\Infrastructure\Security\FingerprintServiceTest[39m
  [33;1m![39;22m[90m [39m[37mFingerprintService[39m[90m → it produces a deterministic SHA-256 fingerprin[39m[90m…[39m [90m0.06s[39m  
  [33;1m![39;22m[90m [39m[37mFingerprintService[39m[90m → it produces different fingerprints for differe[39m[90m…[39m [90m0.02s[39m  
  [33;1m![39;22m[90m [39m[37mFingerprintService[39m[90m → it fingerprint is exactly 64 hexadecimal chara[39m[90m…[39m [90m0.02s[39m  
  [33;1m![39;22m[90m [39m[37mFingerprintService[39m[90m → it returns true when verifying content against[39m[90m…[39m [90m0.01s[39m  
  [33;1m![39;22m[90m [39m[37mFingerprintService[39m[90m → it returns false when content has been tampere[39m[90m…[39m [90m0.02s[39m  
  [33;1m![39;22m[90m [39m[37mFingerprintService[39m[90m → it returns false for a completely different fi[39m[90m…[39m [90m0.03s[39m  
  [33;1m![39;22m[90m [39m[37mFingerprintService[39m[90m → it empty string produces a valid deterministic[39m[90m…[39m [90m0.02s[39m  

  [90mTests:[39m    [33;1m292 warnings[39;22m[90m (524 assertions)[39m
  [90mDuration:[39m [39m40.76s[39m

 Finished at: 16:32:27

----------------------------------------------
 API Tests (repo/backend/api_tests/)
 Started at: 16:32:27
----------------------------------------------

  [30;43;1m WARN [39;49;22m No code coverage driver available
